// Jest Snapshot v1, https://goo.gl/fbAQLP

exports[`PasswordTooltip component should match snapshot 1`] = `
<styled.ul
  data-test="PasswordTooltip"
>
  <styled.div>
    <Icon
      color="#4e768f"
      cursor={false}
      fixCrossAxisAlign={null}
      height={null}
      type="SmallArrow"
      width={null}
    />
  </styled.div>
  <styled.li />
  <styled.div>
    <Icon
      color="#4e768f"
      cursor={false}
      fixCrossAxisAlign={null}
      height={null}
      type="SmallArrow"
      width={null}
    />
  </styled.div>
  <styled.li />
  <styled.div>
    <Icon
      color="#4e768f"
      cursor={false}
      fixCrossAxisAlign={null}
      height={null}
      type="SmallArrow"
      width={null}
    />
  </styled.div>
  <styled.li>
    <styled.span>
       11112222, 11223333
    </styled.span>
  </styled.li>
  <styled.div>
    <Icon
      color="#4e768f"
      cursor={false}
      fixCrossAxisAlign={null}
      height={null}
      type="SmallArrow"
      width={null}
    />
  </styled.div>
  <styled.li>
    <styled.span>
       12345678, 98765432
    </styled.span>
  </styled.li>
</styled.ul>
`;
