// Jest Snapshot v1, https://goo.gl/fbAQLP

exports[`MfaBoardingScreens component should match snapshot with props 1`] = `
<Fragment>
  <ConnectWrapper
    data-test="MfaSelectionTypeExit"
    onClickClose={[Function]}
  />
  <styled.div
    paddingLeft={131}
    paddingRight={131}
  >
    <TypeSelection
      changeCurrentScreen={[Function]}
    />
  </styled.div>
</Fragment>
`;
