// Jest Snapshot v1, https://goo.gl/fbAQLP

exports[`EFTPassword component should match snapshot 1`] = `
<styled.div>
  <styled.div>
    <Icon
      color={null}
      cursor={false}
      fixCrossAxisAlign={null}
      height={null}
      type="TransferPassword"
      width={null}
    />
  </styled.div>
  <styled.h1 />
  <styled.h1 />
  <Input
    EnableFixedInput={null}
    disableKeys={Array []}
    disabled={false}
    fixedValue={null}
    icon={null}
    label={null}
    msgError={null}
    msgFocusInput={null}
    name="favored"
    onBlur={[Function]}
    onFocus={null}
    placeholder=""
    tinyLabels={true}
    type="password"
    valid={[Function]}
    value={111111}
    width={60}
  />
</styled.div>
`;

exports[`EFTPassword component should render an "EFTPassword" tag 1`] = `
<styled.div>
  <styled.div>
    <Icon
      color={null}
      cursor={false}
      fixCrossAxisAlign={null}
      height={null}
      type="TransferPassword"
      width={null}
    />
  </styled.div>
  <styled.h1 />
  <styled.h1 />
  <Input
    EnableFixedInput={null}
    disableKeys={Array []}
    disabled={false}
    fixedValue={null}
    icon={null}
    label={null}
    msgError={null}
    msgFocusInput={null}
    name="favored"
    onBlur={[Function]}
    onFocus={null}
    placeholder=""
    tinyLabels={true}
    type="password"
    valid={[Function]}
    value={111111}
    width={60}
  />
</styled.div>
`;
