// Jest Snapshot v1, https://goo.gl/fbAQLP

exports[`SelectMethod component should match snapshot with props 1`] = `
<styled.div>
  <ConnectWrapper
    key="0"
  >
    <Button
      alignLeft={true}
      block={true}
      dataTest="MethodSelectionButton_mail"
      disabled={false}
      onClick={[Function]}
      spacing={
        Object {
          "bottom": "none",
          "left": "none",
          "right": "none",
          "top": "s",
        }
      }
      type="outline"
      withIcon={
        Object {
          "name": "MFAEmailIcon",
          "position": "left",
        }
      }
    />
  </ConnectWrapper>
  <ConnectWrapper
    key="1"
  >
    <Button
      alignLeft={true}
      block={true}
      dataTest="MethodSelectionButton_totp"
      disabled={false}
      onClick={[Function]}
      spacing={
        Object {
          "bottom": "none",
          "left": "none",
          "right": "none",
          "top": "s",
        }
      }
      type="outline"
      withIcon={
        Object {
          "name": "MFAAuthenticatorIcon",
          "position": "left",
        }
      }
    />
  </ConnectWrapper>
</styled.div>
`;
